// Jest Snapshot v1, https://goo.gl/fbAQLP

exports[`0 should be 0 1`] = `
<span>
  'Text'
</span>
`;
